\BOOKMARK [0][-]{chapter.1}{\376\377\000L\000\363\000g\000i\000c\000a\000\040\000p\000r\000o\000p\000o\000s\000i\000c\000i\000o\000n\000a\000l}{}% 1
\BOOKMARK [1][-]{section.1.1}{\376\377\000P\000r\000o\000p\000o\000s\000i\000c\000i\000o\000n\000e\000s\000\040\000y\000\040\000c\000o\000n\000e\000c\000t\000i\000v\000o\000s\000\040\000l\000\363\000g\000i\000c\000o\000s}{chapter.1}% 2
\BOOKMARK [1][-]{section.1.2}{\376\377\000C\000u\000a\000n\000t\000i\000f\000i\000c\000a\000d\000o\000r\000e\000s}{chapter.1}% 3
\BOOKMARK [0][-]{chapter.2}{\376\377\000T\000i\000p\000o\000s\000\040\000d\000e\000\040\000d\000e\000m\000o\000s\000t\000r\000a\000c\000i\000\363\000n}{}% 4
\BOOKMARK [1][-]{section.2.1}{\376\377\000D\000e\000m\000o\000s\000t\000r\000a\000c\000i\000\363\000n\000\040\000d\000i\000r\000e\000c\000t\000a}{chapter.2}% 5
\BOOKMARK [1][-]{section.2.2}{\376\377\000D\000e\000m\000o\000s\000t\000r\000a\000c\000i\000o\000n\000e\000s\000\040\000i\000n\000d\000i\000r\000e\000c\000t\000a\000s}{chapter.2}% 6
\BOOKMARK [2][-]{subsection.2.2.1}{\376\377\000D\000e\000m\000o\000s\000t\000r\000a\000c\000i\000\363\000n\000\040\000p\000o\000r\000\040\000c\000o\000n\000t\000r\000a\000p\000o\000s\000i\000t\000i\000v\000a}{section.2.2}% 7
\BOOKMARK [2][-]{subsection.2.2.2}{\376\377\000D\000e\000m\000o\000s\000t\000r\000a\000c\000i\000\363\000n\000\040\000p\000o\000r\000\040\000r\000e\000d\000u\000c\000c\000i\000\363\000n\000\040\000a\000l\000\040\000a\000b\000s\000u\000r\000d\000o}{section.2.2}% 8
\BOOKMARK [1][-]{section.2.3}{\376\377\000D\000e\000m\000o\000s\000t\000r\000a\000c\000i\000\363\000n\000\040\000p\000o\000r\000\040\000i\000n\000d\000u\000c\000c\000i\000\363\000n\000\040\000m\000a\000t\000e\000m\000\341\000t\000i\000c\000a}{chapter.2}% 9
\BOOKMARK [0][-]{chapter.3}{\376\377\000T\000e\000o\000r\000\355\000a\000\040\000d\000e\000\040\000c\000o\000n\000j\000u\000n\000t\000o\000s}{}% 10
\BOOKMARK [1][-]{section.3.1}{\376\377\000C\000o\000n\000j\000u\000n\000t\000o\000s\000,\000\040\000s\000u\000b\000c\000o\000n\000j\000u\000n\000t\000o\000s\000\040\000y\000\040\000o\000p\000e\000r\000a\000c\000i\000o\000n\000e\000s\000\040\000b\000\341\000s\000i\000c\000a\000s}{chapter.3}% 11
\BOOKMARK [1][-]{section.3.2}{\376\377\000P\000r\000o\000p\000i\000e\000d\000a\000d\000e\000s\000\040\000d\000e\000\040\000l\000a\000s\000\040\000o\000p\000e\000r\000a\000c\000i\000o\000n\000e\000s\000\040\000d\000e\000\040\000c\000o\000n\000j\000u\000n\000t\000o\000s}{chapter.3}% 12
\BOOKMARK [1][-]{section.3.3}{\376\377\000E\000l\000\040\000c\000o\000n\000j\000u\000n\000t\000o\000\040\000p\000o\000t\000e\000n\000c\000i\000a\000\040\000y\000\040\000e\000l\000\040\000p\000r\000o\000d\000u\000c\000t\000o\000\040\000c\000a\000r\000t\000e\000s\000i\000a\000n\000o}{chapter.3}% 13
\BOOKMARK [0][-]{chapter.4}{\376\377\000R\000e\000l\000a\000c\000i\000o\000n\000e\000s\000\040\000y\000\040\000f\000u\000n\000c\000i\000o\000n\000e\000s}{}% 14
\BOOKMARK [1][-]{section.4.1}{\376\377\000R\000e\000l\000a\000c\000i\000o\000n\000e\000s}{chapter.4}% 15
\BOOKMARK [1][-]{section.4.2}{\376\377\000C\000o\000m\000p\000o\000s\000i\000c\000i\000\363\000n\000\040\000d\000e\000\040\000r\000e\000l\000a\000c\000i\000o\000n\000e\000s}{chapter.4}% 16
\BOOKMARK [1][-]{section.4.3}{\376\377\000F\000u\000n\000c\000i\000o\000n\000e\000s}{chapter.4}% 17
\BOOKMARK [1][-]{section.4.4}{\376\377\000I\000n\000y\000e\000c\000t\000i\000v\000i\000d\000a\000d\000,\000\040\000s\000o\000b\000r\000e\000y\000e\000c\000t\000i\000v\000i\000d\000a\000d\000\040\000y\000\040\000b\000i\000y\000e\000c\000t\000i\000v\000i\000d\000a\000d}{chapter.4}% 18
\BOOKMARK [1][-]{section.4.5}{\376\377\000I\000n\000v\000e\000r\000s\000a\000s\000\040\000d\000e\000\040\000u\000n\000a\000\040\000f\000u\000n\000c\000i\000\363\000n}{chapter.4}% 19
\BOOKMARK [1][-]{section.4.6}{\376\377\000C\000o\000n\000j\000u\000n\000t\000o\000s\000\040\000n\000u\000m\000e\000r\000a\000b\000l\000e\000s}{chapter.4}% 20
\BOOKMARK [1][-]{section.4.7}{\376\377\000I\000m\000a\000g\000e\000n\000\040\000i\000n\000v\000e\000r\000s\000a}{chapter.4}% 21
\BOOKMARK [0][-]{chapter.5}{\376\377\000I\000n\000d\000u\000c\000c\000i\000\363\000n\000\040\000m\000a\000t\000e\000m\000\341\000t\000i\000c\000a}{}% 22
\BOOKMARK [1][-]{section.5.1}{\376\377\000E\000l\000\040\000p\000r\000i\000n\000c\000i\000p\000i\000o\000\040\000d\000e\000\040\000i\000n\000d\000u\000c\000c\000i\000\363\000n}{chapter.5}% 23
\BOOKMARK [1][-]{section.5.2}{\376\377\000I\000n\000d\000u\000c\000c\000i\000\363\000n\000\040\000f\000u\000e\000r\000t\000e}{chapter.5}% 24
\BOOKMARK [0][-]{chapter.6}{\376\377\000R\000e\000l\000a\000c\000i\000o\000n\000e\000s\000\040\000d\000e\000\040\000e\000q\000u\000i\000v\000a\000l\000e\000n\000c\000i\000a}{}% 25
\BOOKMARK [1][-]{section.6.1}{\376\377\000P\000r\000o\000p\000i\000e\000d\000a\000d\000e\000s\000\040\000d\000e\000\040\000u\000n\000a\000\040\000r\000e\000l\000a\000c\000i\000\363\000n}{chapter.6}% 26
\BOOKMARK [1][-]{section.6.2}{\376\377\000R\000e\000l\000a\000c\000i\000o\000n\000e\000s\000\040\000d\000e\000\040\000e\000q\000u\000i\000v\000a\000l\000e\000n\000c\000i\000a}{chapter.6}% 27
\BOOKMARK [1][-]{section.6.3}{\376\377\000C\000l\000a\000s\000e\000s\000\040\000d\000e\000\040\000e\000q\000u\000i\000v\000a\000l\000e\000n\000c\000i\000a}{chapter.6}% 28
\BOOKMARK [0][-]{chapter.7}{\376\377\000I\000n\000t\000r\000o\000d\000u\000c\000c\000i\000\363\000n\000\040\000a\000\040\000l\000a\000\040\000c\000o\000n\000s\000t\000r\000u\000c\000c\000i\000\363\000n\000\040\000d\000e\000\040\000l\000a\000s\000\040\000e\000s\000t\000r\000u\000c\000t\000u\000r\000a\000s\000\040\000n\000u\000m\000\351\000r\000i\000c\000a\000s}{}% 29
\BOOKMARK [1][-]{section.7.1}{\376\377\000L\000o\000s\000\040\000n\000\372\000m\000e\000r\000o\000s\000\040\000n\000a\000t\000u\000r\000a\000l\000e\000s}{chapter.7}% 30
\BOOKMARK [2][-]{subsection.7.1.1}{\376\377\000A\000x\000i\000o\000m\000a\000s\000\040\000d\000e\000\040\000P\000e\000a\000n\000o}{section.7.1}% 31
\BOOKMARK [2][-]{subsection.7.1.2}{\376\377\000L\000a\000\040\000s\000u\000m\000a}{section.7.1}% 32
\BOOKMARK [2][-]{subsection.7.1.3}{\376\377\000E\000l\000\040\000p\000r\000o\000d\000u\000c\000t\000o}{section.7.1}% 33
\BOOKMARK [2][-]{subsection.7.1.4}{\376\377\000O\000r\000d\000e\000n}{section.7.1}% 34
\BOOKMARK [2][-]{subsection.7.1.5}{\376\377\000B\000u\000e\000n\000\040\000o\000r\000d\000e\000n}{section.7.1}% 35
\BOOKMARK [2][-]{subsection.7.1.6}{\376\377\000D\000i\000v\000i\000s\000i\000b\000i\000l\000i\000d\000a\000d\000\040\000y\000\040\000n\000\372\000m\000e\000r\000o\000s\000\040\000p\000r\000i\000m\000o\000s}{section.7.1}% 36
