\BOOKMARK [0][-]{chapter.1}{\376\377\000E\000l\000\040\000t\000e\000o\000r\000e\000m\000a\000\040\000f\000u\000n\000d\000a\000m\000e\000n\000t\000a\000l\000\040\000d\000e\000\040\000l\000a\000\040\000A\000r\000i\000t\000m\000\351\000t\000i\000c\000a}{}% 1
\BOOKMARK [1][-]{section.1.1}{\376\377\000I\000N\000T\000R\000O\000D\000U\000C\000C\000I\000\323\000N}{chapter.1}% 2
\BOOKMARK [1][-]{section.1.2}{\376\377\000D\000I\000V\000I\000S\000I\000B\000I\000L\000I\000D\000A\000D}{chapter.1}% 3
\BOOKMARK [1][-]{section.1.3}{\376\377\000M\000\301\000X\000I\000M\000O\000\040\000C\000O\000M\000\332\000N\000\040\000D\000I\000V\000I\000S\000O\000R}{chapter.1}% 4
\BOOKMARK [1][-]{section.1.4}{\376\377\000N\000\332\000M\000E\000R\000O\000S\000\040\000P\000R\000I\000M\000O\000S}{chapter.1}% 5
\BOOKMARK [1][-]{section.1.5}{\376\377\000E\000L\000\040\000T\000E\000O\000R\000E\000M\000A\000\040\000F\000U\000N\000D\000A\000M\000E\000N\000T\000A\000L\000\040\000D\000E\000\040\000L\000A\000\040\000A\000R\000I\000T\000M\000\311\000T\000I\000C\000A}{chapter.1}% 6
\BOOKMARK [1][-]{section.1.6}{\376\377\000L\000A\000\040\000S\000E\000R\000I\000E\000\040\000D\000E\000\040\000L\000O\000S\000\040\000I\000N\000V\000E\000R\000S\000O\000S\000\040\000D\000E\000\040\000L\000O\000S\000\040\000P\000R\000I\000M\000O\000S}{chapter.1}% 7
\BOOKMARK [1][-]{section.1.7}{\376\377\000E\000L\000\040\000A\000L\000G\000O\000R\000I\000T\000M\000O\000\040\000D\000E\000\040\000E\000U\000C\000L\000I\000D\000E\000S}{chapter.1}% 8
\BOOKMARK [1][-]{section.1.8}{\376\377\000E\000L\000\040\000M\000\301\000X\000I\000M\000O\000\040\000C\000O\000M\000\332\000N\000\040\000D\000I\000V\000I\000S\000O\000R\000\040\000D\000E\000\040\000M\000\301\000S\000\040\000D\000E\000\040\000D\000O\000S\000\040\000N\000\332\000M\000E\000R\000O\000S}{chapter.1}% 9
\BOOKMARK [0][-]{chapter.2}{\376\377\000F\000u\000n\000c\000i\000o\000n\000e\000s\000\040\000a\000r\000i\000t\000m\000\351\000t\000i\000c\000a\000s\000\040\000y\000\040\000p\000r\000o\000d\000u\000c\000t\000o\000\040\000d\000e\000\040\000D\000i\000r\000i\000c\000h\000l\000e\000t}{}% 10
\BOOKMARK [1][-]{section.2.1}{\376\377\000I\000N\000T\000R\000O\000D\000U\000C\000C\000I\000\323\000N}{chapter.2}% 11
\BOOKMARK [1][-]{section.2.2}{\376\377\000L\000A\000\040\000F\000U\000N\000C\000I\000\323\000N\000\040\000D\000E\000\040\000M\000\326\000B\000I\000U\000S\000\040\003\274\000\050\000n\000\051}{chapter.2}% 12
\BOOKMARK [1][-]{section.2.3}{\376\377\000L\000A\000\040\000F\000U\000N\000C\000I\000\323\000N\000\040\000I\000N\000D\000I\000C\000A\000T\000R\000I\000Z\000\040\000D\000E\000\040\000E\000U\000L\000E\000R\000\040\003\306\000\050\000n\000\051}{chapter.2}% 13
\BOOKMARK [1][-]{section.2.4}{\376\377\000U\000N\000A\000\040\000R\000E\000L\000A\000C\000I\000\323\000N\000\040\000Q\000U\000E\000\040\000C\000O\000N\000E\000C\000T\000A\000\040\003\306\000\040\000Y\000\040\003\274}{chapter.2}% 14
\BOOKMARK [1][-]{section.2.5}{\376\377\000U\000N\000A\000\040\000F\000\323\000R\000M\000U\000L\000A\000\040\000P\000R\000O\000D\000U\000C\000T\000O\000\040\000P\000A\000R\000A\000\040\003\306\000\050\000n\000\051}{chapter.2}% 15
\BOOKMARK [1][-]{section.2.6}{\376\377\000E\000L\000\040\000P\000R\000O\000D\000U\000C\000T\000O\000\040\000D\000E\000\040\000D\000I\000R\000I\000C\000H\000L\000E\000T\000\040\000D\000E\000\040\000F\000U\000N\000C\000I\000O\000N\000E\000S\000\040\000A\000R\000I\000T\000M\000\311\000T\000I\000C\000A\000S}{chapter.2}% 16
\BOOKMARK [1][-]{section.2.7}{\376\377\000I\000N\000V\000E\000R\000S\000O\000S\000\040\000D\000E\000\040\000D\000I\000R\000I\000C\000H\000L\000E\000T\000\040\000Y\000\040\000F\000\323\000R\000M\000U\000L\000A\000\040\000D\000E\000\040\000I\000N\000V\000E\000R\000S\000I\000\323\000N\000\040\000D\000E\000\040\000M\000\326\000B\000I\000U\000S}{chapter.2}% 17
\BOOKMARK [1][-]{section.2.8}{\376\377\000L\000A\000\040\000F\000U\000N\000C\000I\000\323\000N\000\040\000D\000E\000\040\000M\000A\000N\000G\000O\000L\000D\000T\000\040\003\233\000\050\000n\000\051}{chapter.2}% 18
\BOOKMARK [1][-]{section.2.9}{\376\377\000F\000U\000N\000C\000I\000O\000N\000E\000S\000\040\000M\000U\000L\000T\000I\000P\000L\000I\000C\000A\000T\000I\000V\000A\000S}{chapter.2}% 19
\BOOKMARK [1][-]{section.2.10}{\376\377\000F\000U\000N\000C\000I\000O\000N\000E\000S\000\040\000M\000U\000L\000T\000I\000P\000L\000I\000C\000A\000T\000I\000V\000A\000S\000\040\000Y\000\040\000P\000R\000O\000D\000U\000C\000T\000O\000\040\000D\000E\000\040\000D\000I\000R\000I\000C\000H\000L\000E\000T}{chapter.2}% 20
\BOOKMARK [1][-]{section.2.11}{\376\377\000L\000A\000\040\000I\000N\000V\000E\000R\000S\000A\000\040\000D\000E\000\040\000U\000N\000A\000\040\000F\000U\000N\000C\000I\000\323\000N\000\040\000C\000O\000M\000P\000L\000E\000T\000A\000M\000E\000N\000T\000E\000\040\000M\000U\000L\000T\000I\000P\000L\000I\000C\000A\000T\000I\000V\000A}{chapter.2}% 21
\BOOKMARK [1][-]{section.2.12}{\376\377\000L\000A\000\040\000F\000U\000N\000C\000I\000\323\000N\000\040\003\273\000\050\000n\000\051\000\040\000D\000E\000\040\000L\000I\000O\000U\000V\000I\000L\000L\000E}{chapter.2}% 22
\BOOKMARK [1][-]{section.2.13}{\376\377\000L\000A\000S\000\040\000F\000U\000N\000C\000I\000O\000N\000E\000S\000\040\000D\000I\000V\000I\000S\000O\000R\000\040\003\303\003\261\000\050\000n\000\051}{chapter.2}% 23
\BOOKMARK [1][-]{section.2.14}{\376\377\000C\000O\000N\000V\000O\000L\000U\000C\000I\000O\000N\000E\000S\000\040\000G\000E\000N\000E\000R\000A\000L\000I\000Z\000A\000D\000A\000S}{chapter.2}% 24
\BOOKMARK [1][-]{section.2.15}{\376\377\000S\000E\000R\000I\000E\000S\000\040\000F\000O\000R\000M\000A\000L\000E\000S\000\040\000D\000E\000\040\000P\000O\000T\000E\000N\000C\000I\000A\000S}{chapter.2}% 25
\BOOKMARK [1][-]{section.2.16}{\376\377\000L\000A\000\040\000S\000E\000R\000I\000E\000\040\000D\000E\000\040\000B\000E\000L\000L\000\040\000D\000E\000\040\000U\000N\000A\000\040\000F\000U\000N\000C\000I\000\323\000N\000\040\000A\000R\000I\000T\000M\000\311\000T\000I\000C\000A}{chapter.2}% 26
\BOOKMARK [1][-]{section.2.17}{\376\377\000S\000E\000R\000I\000E\000S\000\040\000D\000E\000\040\000B\000E\000L\000L\000\040\000Y\000\040\000P\000R\000O\000D\000U\000C\000T\000O\000\040\000D\000E\000\040\000D\000I\000R\000I\000C\000H\000L\000E\000T}{chapter.2}% 27
\BOOKMARK [1][-]{section.2.18}{\376\377\000D\000E\000R\000I\000V\000A\000D\000A\000S\000\040\000D\000E\000\040\000F\000U\000N\000C\000I\000O\000N\000E\000S\000\040\000A\000R\000I\000T\000M\000\311\000T\000I\000C\000A\000S}{chapter.2}% 28
\BOOKMARK [1][-]{section.2.19}{\376\377\000L\000A\000\040\000I\000D\000E\000N\000T\000I\000D\000A\000D\000\040\000D\000E\000\040\000S\000E\000L\000B\000E\000R\000G}{chapter.2}% 29
\BOOKMARK [0][-]{chapter.3}{\376\377\000M\000e\000d\000i\000a\000s\000\040\000d\000e\000\040\000f\000u\000n\000c\000i\000o\000n\000e\000s\000\040\000a\000r\000i\000t\000m\000\351\000t\000i\000c\000a\000s}{}% 30
\BOOKMARK [1][-]{section.3.1}{\376\377\000I\000N\000T\000R\000O\000D\000U\000C\000C\000I\000\323\000N}{chapter.3}% 31
\BOOKMARK [1][-]{section.3.2}{\376\377\000L\000A\000\040\000N\000O\000T\000A\000C\000I\000\323\000N\000\040\000O\000\040\000M\000A\000Y\000\332\000S\000C\000U\000L\000A\000.\000\040\000I\000G\000U\000A\000L\000D\000A\000D\000\040\000A\000S\000I\000N\000T\000\323\000T\000I\000C\000A\000\040\000D\000E\000\040\000F\000U\000N\000C\000I\000O\000N\000E\000S}{chapter.3}% 32
\BOOKMARK [1][-]{section.3.3}{\376\377\000F\000\323\000R\000M\000U\000L\000A\000\040\000D\000E\000\040\000S\000U\000M\000A\000C\000I\000\323\000N\000\040\000D\000E\000\040\000E\000U\000L\000E\000R}{chapter.3}% 33
\BOOKMARK [1][-]{section.3.4}{\376\377\000A\000L\000G\000U\000N\000A\000S\000\040\000F\000\323\000R\000M\000U\000L\000A\000S\000\040\000A\000S\000I\000N\000T\000\323\000T\000I\000C\000A\000S\000\040\000E\000L\000E\000M\000E\000N\000T\000A\000L\000E\000S}{chapter.3}% 34
\BOOKMARK [1][-]{section.3.5}{\376\377\000E\000L\000\040\000O\000R\000D\000E\000N\000\040\000M\000E\000D\000I\000O\000\040\000D\000E\000\040\000d\000\050\000n\000\051}{chapter.3}% 35
\BOOKMARK [1][-]{section.3.6}{\376\377\000E\000L\000\040\000O\000R\000D\000E\000N\000\040\000M\000E\000D\000I\000O\000\040\000D\000E\000\040\000L\000A\000S\000\040\000F\000U\000N\000C\000I\000O\000N\000E\000S\000\040\000D\000I\000V\000I\000S\000O\000R\000\040\003\303\003\261\000\050\000n\000\051}{chapter.3}% 36
\BOOKMARK [1][-]{section.3.7}{\376\377\000E\000L\000\040\000O\000R\000D\000E\000N\000\040\000M\000E\000D\000I\000O\000\040\000D\000E\000\040\003\306\000\050\000n\000\051}{chapter.3}% 37
\BOOKMARK [1][-]{section.3.8}{\376\377\000U\000N\000A\000\040\000A\000P\000L\000I\000C\000A\000C\000I\000\323\000N\000\040\000A\000\040\000L\000A\000\040\000D\000I\000S\000T\000R\000I\000B\000U\000C\000I\000\323\000N\000\040\000D\000E\000\040\000L\000O\000S\000\040\000P\000U\000N\000T\000O\000S\000\040\000R\000E\000T\000I\000C\000U\000L\000A\000R\000E\000S\000\040\000V\000I\000S\000I\000B\000L\000E\000S\000\040\000D\000E\000S\000D\000E\000\040\000E\000L\000\040\000O\000R\000I\000G\000E\000N}{chapter.3}% 38
\BOOKMARK [1][-]{section.3.9}{\376\377\000E\000L\000\040\000O\000R\000D\000E\000N\000\040\000D\000E\000\040\003\274\000\050\000n\000\051\000\040\000Y\000\040\000E\000L\000\040\000D\000E\000\040\003\233\000\050\000n\000\051}{chapter.3}% 39
\BOOKMARK [1][-]{section.3.10}{\376\377\000L\000A\000S\000\040\000S\000U\000M\000A\000S\000\040\000P\000A\000R\000C\000I\000A\000L\000E\000S\000\040\000D\000E\000\040\000U\000N\000\040\000P\000R\000O\000D\000U\000C\000T\000O\000\040\000D\000E\000\040\000D\000I\000R\000I\000C\000H\000L\000E\000T}{chapter.3}% 40
\BOOKMARK [1][-]{section.3.11}{\376\377\000A\000P\000L\000I\000C\000A\000C\000I\000O\000N\000E\000S\000\040\000A\000\040\003\274\000\050\000n\000\051\000\040\000Y\000\040\000A\000\040\003\233\000\050\000n\000\051}{chapter.3}% 41
\BOOKMARK [1][-]{section.3.12}{\376\377\000O\000T\000R\000A\000\040\000I\000D\000E\000N\000T\000I\000D\000A\000D\000\040\000P\000A\000R\000A\000\040\000L\000A\000S\000\040\000S\000U\000M\000A\000S\000\040\000P\000A\000R\000C\000I\000A\000L\000E\000S}{chapter.3}% 42
\BOOKMARK [0][-]{chapter.4}{\376\377\000T\000e\000o\000r\000e\000m\000a\000s\000\040\000e\000l\000e\000m\000e\000n\000t\000a\000l\000e\000s\000\040\000s\000o\000b\000r\000e\000\040\000l\000o\000s\000\040\000p\000r\000i\000m\000o\000s}{}% 43
\BOOKMARK [1][-]{section.4.1}{\376\377\000I\000N\000T\000R\000O\000D\000U\000C\000C\000I\000\323\000N}{chapter.4}% 44
\BOOKMARK [1][-]{section.4.2}{\376\377\000L\000A\000S\000\040\000F\000U\000N\000C\000I\000O\000N\000E\000S\000\040\000D\000E\000\040\000C\000H\000E\000B\000Y\000S\000H\000E\000V\000\040\003\310\000\050\000x\000\051\000\040\000Y\000\040\003\321\000\050\000x\000\051}{chapter.4}% 45
\BOOKMARK [1][-]{section.4.3}{\376\377\000R\000E\000L\000A\000C\000I\000O\000N\000E\000S\000\040\000Q\000U\000E\000\040\000L\000I\000G\000A\000N\000\040\003\321\000\050\000x\000\051\000\040\000Y\000\040\003\300\000\050\000x\000\051}{chapter.4}% 46
\BOOKMARK [1][-]{section.4.4}{\376\377\000C\000I\000E\000R\000T\000A\000S\000\040\000F\000O\000R\000M\000A\000S\000\040\000E\000Q\000U\000I\000V\000A\000L\000E\000N\000T\000E\000S\000\040\000D\000E\000L\000\040\000T\000E\000O\000R\000E\000M\000A\000\040\000D\000E\000L\000\040\000N\000\332\000M\000E\000R\000O\000\040\000P\000R\000I\000M\000O}{chapter.4}% 47
\BOOKMARK [1][-]{section.4.5}{\376\377\000D\000E\000S\000I\000G\000U\000A\000L\000D\000A\000D\000E\000S\000\040\000R\000E\000L\000A\000T\000I\000V\000A\000S\000\040\000A\000\040\003\300\000\050\000n\000\051\000\040\000Y\000\040\000A\000\040\000p\000n}{chapter.4}% 48
\BOOKMARK [1][-]{section.4.6}{\376\377\000T\000E\000O\000R\000E\000M\000A\000\040\000T\000A\000U\000B\000E\000R\000I\000A\000N\000O\000\040\000D\000E\000\040\000S\000H\000A\000P\000I\000R\000O}{chapter.4}% 49
\BOOKMARK [1][-]{section.4.7}{\376\377\000A\000P\000L\000I\000C\000A\000C\000I\000O\000N\000E\000S\000\040\000D\000E\000L\000\040\000T\000E\000O\000R\000E\000M\000A\000\040\000D\000E\000\040\000S\000H\000A\000P\000I\000R\000O}{chapter.4}% 50
\BOOKMARK [1][-]{section.4.8}{\376\377\000U\000N\000A\000\040\000F\000\323\000R\000M\000U\000L\000A\000\040\000A\000S\000I\000N\000T\000\323\000T\000I\000C\000A\000\040\000P\000A\000R\000A\000\040\042\021\000\050\0001\000/\000p\000\051}{chapter.4}% 51
\BOOKMARK [1][-]{section.4.9}{\376\377\000L\000A\000S\000\040\000S\000U\000M\000A\000S\000\040\000P\000A\000R\000C\000I\000A\000L\000E\000S\000\040\000D\000E\000\040\000L\000A\000\040\000F\000U\000N\000C\000I\000\323\000N\000\040\000D\000E\000\040\000M\000\326\000B\000I\000U\000S}{chapter.4}% 52
\BOOKMARK [1][-]{section.4.10}{\376\377\000B\000R\000E\000V\000E\000\040\000E\000S\000B\000O\000Z\000O\000\040\000D\000E\000\040\000U\000N\000A\000\040\000D\000E\000M\000O\000S\000T\000R\000A\000C\000I\000\323\000N\000\040\000E\000L\000E\000M\000E\000N\000T\000A\000L\000\040\000D\000E\000L\000\040\000T\000E\000O\000R\000E\000M\000A\000\040\000D\000E\000L\000\040\000N\000\332\000M\000E\000R\000O\000\040\000P\000R\000I\000M\000O}{chapter.4}% 53
\BOOKMARK [1][-]{section.4.11}{\376\377\000F\000\323\000R\000M\000U\000L\000A\000\040\000A\000S\000I\000N\000T\000\323\000T\000I\000C\000A\000\040\000D\000E\000\040\000S\000E\000L\000B\000E\000R\000G}{chapter.4}% 54
\BOOKMARK [0][-]{chapter.5}{\376\377\000C\000o\000n\000g\000r\000u\000e\000n\000c\000i\000a\000s}{}% 55
\BOOKMARK [1][-]{section.5.1}{\376\377\000D\000E\000F\000I\000N\000I\000C\000I\000\323\000N\000\040\000Y\000\040\000P\000R\000O\000P\000I\000E\000D\000A\000D\000E\000S\000\040\000B\000\301\000S\000I\000C\000A\000S\000\040\000D\000E\000\040\000L\000A\000S\000\040\000C\000O\000N\000G\000R\000U\000E\000N\000C\000I\000A\000S}{chapter.5}% 56
\BOOKMARK [1][-]{section.5.2}{\376\377\000C\000L\000A\000S\000E\000S\000\040\000D\000E\000\040\000R\000E\000S\000T\000O\000S\000\040\000Y\000\040\000S\000I\000S\000T\000E\000M\000A\000S\000\040\000C\000O\000M\000P\000L\000E\000T\000O\000S\000\040\000D\000E\000\040\000R\000E\000S\000T\000O\000S}{chapter.5}% 57
\BOOKMARK [1][-]{section.5.3}{\376\377\000C\000O\000N\000G\000R\000U\000E\000N\000C\000I\000A\000S\000\040\000L\000I\000N\000E\000A\000L\000E\000S}{chapter.5}% 58
\BOOKMARK [1][-]{section.5.4}{\376\377\000S\000I\000S\000T\000E\000M\000A\000S\000\040\000R\000E\000S\000I\000D\000U\000A\000L\000E\000S\000\040\000R\000E\000D\000U\000C\000I\000D\000O\000S\000\040\000Y\000\040\000E\000L\000\040\000T\000E\000O\000R\000E\000M\000A\000\040\000D\000E\000\040\000E\000U\000L\000E\000R\000-\000F\000E\000R\000M\000A\000T}{chapter.5}% 59
\BOOKMARK [1][-]{section.5.5}{\376\377\000C\000O\000N\000G\000R\000U\000E\000N\000C\000I\000A\000S\000\040\000P\000O\000L\000I\000N\000\323\000M\000I\000C\000A\000S\000\040\000M\000\323\000D\000U\000L\000O\000\040\000p\000.\000\040\000T\000E\000O\000R\000E\000M\000A\000\040\000D\000E\000\040\000L\000A\000G\000R\000A\000N\000G\000E}{chapter.5}% 60
\BOOKMARK [1][-]{section.5.6}{\376\377\000A\000P\000L\000I\000C\000A\000C\000I\000O\000N\000E\000S\000\040\000D\000E\000L\000\040\000T\000E\000O\000R\000E\000M\000A\000\040\000D\000E\000\040\000L\000A\000G\000R\000A\000N\000G\000E}{chapter.5}% 61
\BOOKMARK [1][-]{section.5.7}{\376\377\000C\000O\000N\000G\000R\000U\000E\000N\000C\000I\000A\000S\000\040\000L\000I\000N\000E\000A\000L\000E\000S\000\040\000S\000I\000M\000U\000L\000T\000\301\000N\000E\000A\000S\000.\000\040\000E\000L\000\040\000T\000E\000O\000R\000E\000M\000A\000\040\000D\000E\000L\000\040\000R\000E\000S\000T\000O\000\040\000C\000H\000I\000N\000O}{chapter.5}% 62
\BOOKMARK [1][-]{section.5.8}{\376\377\000A\000P\000L\000I\000C\000A\000C\000I\000O\000N\000E\000S\000\040\000D\000E\000L\000\040\000T\000E\000O\000R\000E\000M\000A\000\040\000D\000E\000L\000\040\000R\000E\000S\000T\000O\000\040\000C\000H\000I\000N\000O}{chapter.5}% 63
\BOOKMARK [1][-]{section.5.9}{\376\377\000C\000O\000N\000G\000R\000U\000E\000N\000C\000I\000A\000S\000\040\000P\000O\000L\000I\000N\000\323\000M\000I\000C\000A\000S\000\040\000R\000E\000L\000A\000T\000I\000V\000A\000S\000\040\000A\000\040\000P\000O\000T\000E\000N\000C\000I\000A\000S\000\040\000D\000E\000\040\000P\000R\000I\000M\000O\000S}{chapter.5}% 64
\BOOKMARK [1][-]{section.5.10}{\376\377\000E\000L\000\040\000P\000R\000I\000N\000C\000I\000P\000I\000O\000\040\000D\000E\000\040\000L\000A\000\040\000C\000L\000A\000S\000I\000F\000I\000C\000A\000C\000I\000\323\000N\000\040\000C\000R\000U\000Z\000A\000D\000A}{chapter.5}% 65
\BOOKMARK [1][-]{section.5.11}{\376\377\000U\000N\000A\000\040\000P\000R\000O\000P\000I\000E\000D\000A\000D\000\040\000D\000E\000\040\000D\000E\000S\000C\000O\000M\000P\000O\000S\000I\000C\000I\000\323\000N\000\040\000D\000E\000\040\000L\000O\000S\000\040\000S\000I\000S\000T\000E\000M\000A\000S\000\040\000R\000E\000S\000I\000D\000U\000A\000L\000E\000S\000\040\000R\000E\000D\000U\000C\000I\000D\000O\000S}{chapter.5}% 66
\BOOKMARK [0][-]{chapter.6}{\376\377\000G\000r\000u\000p\000o\000s\000\040\000a\000b\000e\000l\000i\000a\000n\000o\000s\000\040\000f\000i\000n\000i\000t\000o\000s\000\040\000y\000\040\000s\000u\000s\000\040\000c\000a\000r\000a\000c\000t\000e\000r\000e\000s}{}% 67
\BOOKMARK [1][-]{section.6.1}{\376\377\000D\000E\000F\000I\000N\000I\000C\000I\000O\000N\000E\000S}{chapter.6}% 68
\BOOKMARK [1][-]{section.6.2}{\376\377\000E\000J\000E\000M\000P\000L\000O\000S\000\040\000D\000E\000\040\000G\000R\000U\000P\000O\000S\000\040\000Y\000\040\000S\000U\000B\000G\000R\000U\000P\000O\000S}{chapter.6}% 69
\BOOKMARK [1][-]{section.6.3}{\376\377\000P\000R\000O\000P\000I\000E\000D\000A\000D\000E\000S\000\040\000E\000L\000E\000M\000E\000N\000T\000A\000L\000E\000S\000\040\000D\000E\000\040\000L\000O\000S\000\040\000G\000R\000U\000P\000O\000S}{chapter.6}% 70
\BOOKMARK [1][-]{section.6.4}{\376\377\000C\000O\000N\000S\000T\000R\000U\000C\000C\000I\000\323\000N\000\040\000D\000E\000\040\000S\000U\000B\000G\000R\000U\000P\000O\000S}{chapter.6}% 71
\BOOKMARK [1][-]{section.6.5}{\376\377\000C\000A\000R\000A\000C\000T\000E\000R\000E\000S\000\040\000D\000E\000\040\000G\000R\000U\000P\000O\000S\000\040\000A\000B\000E\000L\000I\000A\000N\000O\000S\000\040\000F\000I\000N\000I\000T\000O\000S}{chapter.6}% 72
\BOOKMARK [1][-]{section.6.6}{\376\377\000E\000L\000\040\000G\000R\000U\000P\000O\000\040\000D\000E\000\040\000L\000O\000S\000\040\000C\000A\000R\000A\000C\000T\000E\000R\000E\000S}{chapter.6}% 73
\BOOKMARK [1][-]{section.6.7}{\376\377\000R\000E\000L\000A\000C\000I\000O\000N\000E\000S\000\040\000D\000E\000\040\000O\000R\000T\000O\000G\000O\000N\000A\000L\000I\000D\000A\000D\000\040\000P\000A\000R\000A\000\040\000C\000A\000R\000A\000C\000T\000E\000R\000E\000S}{chapter.6}% 74
\BOOKMARK [1][-]{section.6.8}{\376\377\000C\000A\000R\000A\000C\000T\000E\000R\000E\000S\000\040\000D\000E\000\040\000D\000I\000R\000I\000C\000H\000L\000E\000T}{chapter.6}% 75
\BOOKMARK [1][-]{section.6.9}{\376\377\000S\000U\000M\000A\000S\000\040\000Q\000U\000E\000\040\000C\000O\000N\000T\000I\000E\000N\000E\000N\000\040\000C\000A\000R\000A\000C\000T\000E\000R\000E\000S\000\040\000D\000E\000\040\000D\000I\000R\000I\000C\000H\000L\000E\000T}{chapter.6}% 76
\BOOKMARK [1][-]{section.6.10}{\376\377\000L\000A\000\040\000N\000O\000\040\000A\000N\000U\000L\000A\000C\000I\000\323\000N\000\040\000D\000E\000\040\000L\000\050\0001\000,\003\307\000\051\000\040\000P\000A\000R\000A\000\040\003\307\000\040\000N\000O\000\040\000P\000R\000I\000N\000C\000I\000P\000A\000L\000\040\000R\000E\000A\000L}{chapter.6}% 77
\BOOKMARK [0][-]{chapter.7}{\376\377\000T\000e\000o\000r\000e\000m\000a\000\040\000d\000e\000\040\000D\000i\000r\000i\000c\000h\000l\000e\000t\000\040\000s\000o\000b\000r\000e\000\040\000p\000r\000i\000m\000o\000s\000\040\000e\000n\000\040\000p\000r\000o\000g\000r\000e\000s\000i\000o\000n\000e\000s\000\040\000a\000r\000i\000t\000m\000\351\000t\000i\000c\000a\000s}{}% 78
\BOOKMARK [1][-]{section.7.1}{\376\377\000I\000N\000T\000R\000O\000D\000U\000C\000C\000I\000\323\000N}{chapter.7}% 79
\BOOKMARK [1][-]{section.7.2}{\376\377\000T\000E\000O\000R\000E\000M\000A\000\040\000D\000E\000\040\000D\000I\000R\000I\000C\000H\000L\000E\000T\000\040\000P\000A\000R\000A\000\040\000P\000R\000I\000M\000O\000S\000\040\000D\000E\000\040\000L\000A\000\040\000F\000O\000R\000M\000A\000\040\0004\000n\000-\0001\000\040\000Y\000\040\0004\000n\000+\0001}{chapter.7}% 80
\BOOKMARK [1][-]{section.7.3}{\376\377\000P\000L\000A\000N\000\040\000D\000E\000\040\000L\000A\000\040\000D\000E\000M\000O\000S\000T\000R\000A\000C\000I\000\323\000N\000\040\000D\000E\000L\000\040\000T\000E\000O\000R\000E\000M\000A\000\040\000D\000E\000\040\000D\000I\000R\000I\000C\000H\000L\000E\000T}{chapter.7}% 81
\BOOKMARK [1][-]{section.7.4}{\376\377\000D\000E\000M\000O\000S\000T\000R\000A\000C\000I\000\323\000N\000\040\000D\000E\000L\000\040\000L\000E\000M\000A\000\040\0007\000.\0001}{chapter.7}% 82
\BOOKMARK [1][-]{section.7.5}{\376\377\000D\000E\000M\000O\000S\000T\000R\000A\000C\000I\000\323\000N\000\040\000D\000E\000L\000\040\000L\000E\000M\000A\000\040\0007\000.\0002}{chapter.7}% 83
\BOOKMARK [1][-]{section.7.6}{\376\377\000D\000E\000M\000O\000S\000T\000R\000A\000C\000I\000\323\000N\000\040\000D\000E\000L\000\040\000L\000E\000M\000A\000\040\0007\000.\0003}{chapter.7}% 84
\BOOKMARK [1][-]{section.7.7}{\376\377\000D\000E\000M\000O\000S\000T\000R\000A\000C\000I\000\323\000N\000\040\000D\000E\000L\000\040\000L\000E\000M\000A\000\040\0007\000.\0005}{chapter.7}% 85
\BOOKMARK [1][-]{section.7.8}{\376\377\000D\000E\000M\000O\000S\000T\000R\000A\000C\000I\000\323\000N\000\040\000D\000E\000L\000\040\000L\000E\000M\000A\000\040\0007\000.\0004}{chapter.7}% 86
\BOOKMARK [1][-]{section.7.9}{\376\377\000D\000I\000S\000T\000R\000I\000B\000U\000C\000I\000\323\000N\000\040\000D\000E\000\040\000P\000R\000I\000M\000O\000S\000\040\000E\000N\000\040\000P\000R\000O\000G\000R\000E\000S\000I\000O\000N\000E\000S\000\040\000A\000R\000I\000T\000M\000\311\000T\000I\000C\000A\000S}{chapter.7}% 87
\BOOKMARK [0][-]{chapter.8}{\376\377\000F\000u\000n\000c\000i\000o\000n\000e\000s\000\040\000a\000r\000i\000t\000m\000\351\000t\000i\000c\000a\000s\000\040\000p\000e\000r\000i\000\363\000d\000i\000c\000a\000s\000\040\000y\000\040\000s\000u\000m\000a\000s\000\040\000d\000e\000\040\000G\000a\000u\000s\000s}{}% 88
\BOOKMARK [1][-]{section.8.1}{\376\377\000F\000U\000N\000C\000I\000O\000N\000E\000S\000\040\000P\000E\000R\000I\000\323\000D\000I\000C\000A\000S\000\040\000M\000\323\000D\000U\000L\000O\000\040\000k}{chapter.8}% 89
\BOOKMARK [1][-]{section.8.2}{\376\377\000E\000X\000I\000S\000T\000E\000N\000C\000I\000A\000\040\000D\000E\000\040\000S\000E\000R\000I\000E\000S\000\040\000F\000I\000N\000I\000T\000A\000S\000\040\000D\000E\000\040\000F\000O\000U\000R\000I\000E\000R\000\040\000P\000A\000R\000A\000\040\000F\000U\000N\000C\000I\000O\000N\000E\000S\000\040\000A\000R\000I\000T\000M\000\311\000T\000I\000C\000A\000S\000\040\000P\000E\000R\000I\000\323\000D\000I\000C\000A\000S}{chapter.8}% 90
\BOOKMARK [1][-]{section.8.3}{\376\377\000S\000U\000M\000A\000\040\000D\000E\000\040\000R\000A\000M\000A\000N\000U\000J\000A\000N\000\040\000Y\000\040\000G\000E\000N\000E\000R\000A\000L\000I\000Z\000A\000C\000I\000O\000N\000E\000S}{chapter.8}% 91
\BOOKMARK [1][-]{section.8.4}{\376\377\000P\000R\000O\000P\000I\000E\000D\000A\000D\000E\000S\000\040\000M\000U\000L\000T\000I\000P\000L\000I\000C\000A\000T\000I\000V\000A\000S\000\040\000D\000E\000\040\000L\000A\000S\000\040\000S\000U\000M\000A\000S\000\040\000s\000k\000\050\000n\000\051}{chapter.8}% 92
\BOOKMARK [1][-]{section.8.5}{\376\377\000S\000U\000M\000A\000S\000\040\000D\000E\000\040\000G\000A\000U\000S\000S\000\040\000A\000S\000O\000C\000I\000A\000D\000A\000S\000\040\000A\000\040\000C\000A\000R\000A\000C\000T\000E\000R\000E\000S\000\040\000D\000E\000\040\000D\000I\000R\000I\000C\000H\000L\000E\000T}{chapter.8}% 93
\BOOKMARK [1][-]{section.8.6}{\376\377\000C\000A\000R\000A\000C\000T\000E\000R\000E\000S\000\040\000D\000E\000\040\000D\000I\000R\000I\000C\000H\000L\000E\000T\000\040\000C\000O\000N\000\040\000S\000U\000M\000A\000S\000\040\000D\000E\000\040\000G\000A\000U\000S\000S\000\040\000N\000O\000\040\000N\000U\000L\000A\000S}{chapter.8}% 94
\BOOKMARK [1][-]{section.8.7}{\376\377\000M\000\323\000D\000U\000L\000O\000S\000\040\000I\000N\000D\000U\000C\000I\000D\000O\000S\000\040\000Y\000\040\000C\000A\000R\000A\000C\000T\000E\000R\000E\000S\000\040\000P\000R\000I\000M\000I\000T\000I\000V\000O\000S}{chapter.8}% 95
\BOOKMARK [1][-]{section.8.8}{\376\377\000O\000T\000R\000A\000S\000\040\000P\000R\000O\000P\000I\000E\000D\000A\000D\000E\000S\000\040\000D\000E\000\040\000L\000O\000S\000\040\000M\000\323\000D\000U\000L\000O\000S\000\040\000I\000N\000D\000U\000C\000I\000D\000O\000S}{chapter.8}% 96
\BOOKMARK [1][-]{section.8.9}{\376\377\000E\000L\000\040\000C\000O\000N\000D\000U\000C\000T\000O\000R\000\040\000D\000E\000\040\000U\000N\000\040\000C\000A\000R\000\301\000C\000T\000E\000R}{chapter.8}% 97
\BOOKMARK [1][-]{section.8.10}{\376\377\000C\000A\000R\000A\000C\000T\000E\000R\000E\000S\000\040\000P\000R\000I\000M\000I\000T\000I\000V\000O\000S\000\040\000Y\000\040\000S\000U\000M\000A\000S\000\040\000D\000E\000\040\000G\000A\000U\000S\000S\000\040\000S\000E\000P\000A\000R\000A\000B\000L\000E\000S}{chapter.8}% 98
\BOOKMARK [1][-]{section.8.11}{\376\377\000L\000A\000\040\000S\000E\000R\000I\000E\000\040\000F\000I\000N\000I\000T\000A\000\040\000D\000E\000\040\000F\000O\000U\000R\000I\000E\000R\000\040\000D\000E\000\040\000L\000O\000S\000\040\000C\000A\000R\000A\000C\000T\000E\000R\000E\000S\000\040\000D\000E\000\040\000D\000I\000R\000I\000C\000H\000L\000E\000T}{chapter.8}% 99
\BOOKMARK [1][-]{section.8.12}{\376\377\000D\000E\000S\000I\000G\000U\000A\000L\000D\000A\000D\000\040\000D\000E\000\040\000P\000\323\000L\000Y\000A\000\040\000P\000A\000R\000A\000\040\000S\000U\000M\000A\000S\000\040\000P\000A\000R\000C\000I\000A\000L\000E\000S\000\040\000D\000E\000\040\000C\000A\000R\000A\000C\000T\000E\000R\000E\000S\000\040\000P\000R\000I\000M\000I\000T\000I\000V\000O\000S}{chapter.8}% 100
\BOOKMARK [0][-]{chapter.9}{\376\377\000R\000e\000s\000t\000o\000s\000\040\000c\000u\000a\000d\000r\000\341\000t\000i\000c\000o\000s\000\040\000y\000\040\000l\000e\000y\000\040\000d\000e\000\040\000r\000e\000c\000i\000p\000r\000o\000c\000i\000d\000a\000d\000\040\000c\000u\000a\000d\000r\000\341\000t\000i\000c\000a}{}% 101
\BOOKMARK [1][-]{section.9.1}{\376\377\000R\000E\000S\000T\000O\000S\000\040\000C\000U\000A\000D\000R\000\301\000T\000I\000C\000O\000S}{chapter.9}% 102
\BOOKMARK [1][-]{section.9.2}{\376\377\000E\000L\000\040\000S\000\315\000M\000B\000O\000L\000O\000\040\000D\000E\000\040\000L\000E\000G\000E\000N\000D\000R\000E\000\040\000Y\000\040\000S\000U\000S\000\040\000P\000R\000O\000P\000I\000E\000D\000A\000D\000E\000S}{chapter.9}% 103
\BOOKMARK [1][-]{section.9.3}{\376\377\000C\000\301\000L\000C\000U\000L\000O\000\040\000D\000E\000\040\000\050\000-\0001\000|\000p\000\051\000\040\000Y\000\040\000\050\0002\000|\000p\000\051}{chapter.9}% 104
\BOOKMARK [1][-]{section.9.4}{\376\377\000L\000E\000M\000A\000\040\000D\000E\000\040\000G\000A\000U\000S\000S}{chapter.9}% 105
\BOOKMARK [1][-]{section.9.5}{\376\377\000L\000A\000\040\000L\000E\000Y\000\040\000D\000E\000\040\000R\000E\000C\000I\000P\000R\000O\000C\000I\000D\000A\000D\000\040\000C\000U\000A\000D\000R\000\301\000T\000I\000C\000A}{chapter.9}% 106
\BOOKMARK [1][-]{section.9.6}{\376\377\000A\000P\000L\000I\000C\000A\000C\000I\000O\000N\000E\000S\000\040\000D\000E\000\040\000L\000A\000\040\000L\000E\000Y\000\040\000D\000E\000\040\000R\000E\000C\000I\000P\000R\000O\000C\000I\000D\000A\000D}{chapter.9}% 107
\BOOKMARK [1][-]{section.9.7}{\376\377\000E\000L\000\040\000S\000\315\000M\000B\000O\000L\000O\000\040\000D\000E\000\040\000J\000A\000C\000O\000B\000I}{chapter.9}% 108
\BOOKMARK [1][-]{section.9.8}{\376\377\000A\000P\000L\000I\000C\000A\000C\000I\000O\000N\000E\000S\000\040\000A\000\040\000L\000A\000S\000\040\000E\000C\000U\000A\000C\000I\000O\000N\000E\000S\000\040\000D\000I\000O\000F\000\301\000N\000T\000I\000C\000A\000S}{chapter.9}% 109
\BOOKMARK [1][-]{section.9.9}{\376\377\000S\000U\000M\000A\000S\000\040\000D\000E\000\040\000G\000A\000U\000S\000S\000\040\000Y\000\040\000L\000E\000Y\000\040\000D\000E\000\040\000R\000E\000C\000I\000P\000R\000O\000C\000I\000D\000A\000D\000\040\000C\000U\000A\000D\000R\000\301\000T\000I\000C\000A}{chapter.9}% 110
\BOOKMARK [1][-]{section.9.10}{\376\377\000L\000E\000Y\000\040\000D\000E\000\040\000R\000E\000C\000I\000P\000R\000O\000C\000I\000D\000A\000D\000\040\000P\000A\000R\000A\000\040\000S\000U\000M\000A\000S\000\040\000C\000U\000A\000D\000R\000\301\000T\000I\000C\000A\000S\000\040\000D\000E\000\040\000G\000A\000U\000S\000S}{chapter.9}% 111
\BOOKMARK [1][-]{section.9.11}{\376\377\000O\000T\000R\000A\000\040\000D\000E\000M\000O\000S\000T\000R\000A\000C\000I\000\323\000N\000\040\000D\000E\000\040\000L\000A\000\040\000L\000E\000Y\000\040\000D\000E\000\040\000R\000E\000C\000I\000P\000R\000O\000C\000I\000D\000A\000D\000\040\000C\000U\000A\000D\000R\000\301\000T\000I\000C\000A}{chapter.9}% 112
\BOOKMARK [0][-]{chapter.10}{\376\377\000R\000a\000\355\000c\000e\000s\000\040\000p\000r\000i\000m\000i\000t\000i\000v\000a\000s}{}% 113
\BOOKMARK [1][-]{section.10.1}{\376\377\000E\000L\000\040\000E\000X\000P\000O\000N\000E\000N\000T\000E\000\040\000D\000E\000\040\000U\000N\000\040\000N\000\332\000M\000E\000R\000O\000\040\000M\000\323\000D\000\040\000m\000.\000\040\000R\000A\000\315\000C\000E\000S\000\040\000P\000R\000I\000M\000I\000T\000I\000V\000A\000S}{chapter.10}% 114
\BOOKMARK [1][-]{section.10.2}{\376\377\000R\000A\000\315\000C\000E\000S\000\040\000P\000R\000I\000M\000I\000T\000I\000V\000A\000S\000\040\000Y\000\040\000S\000I\000S\000T\000E\000M\000A\000S\000\040\000R\000E\000S\000I\000D\000U\000A\000L\000E\000S\000\040\000R\000E\000D\000U\000C\000I\000D\000O\000S}{chapter.10}% 115
\BOOKMARK [1][-]{section.10.3}{\376\377\000L\000A\000\040\000N\000O\000\040\000E\000X\000I\000S\000T\000E\000N\000C\000I\000A\000\040\000D\000E\000\040\000R\000A\000\315\000C\000E\000S\000\040\000P\000R\000I\000M\000I\000T\000I\000V\000A\000S\000\040\000M\000\323\000D\000\040\0002\000\136\003\261\000\040\000P\000A\000R\000A\000\040\003\261\042\145\0003}{chapter.10}% 116
\BOOKMARK [1][-]{section.10.4}{\376\377\000L\000A\000\040\000E\000X\000I\000S\000T\000E\000N\000C\000I\000A\000\040\000D\000E\000\040\000R\000A\000\315\000C\000E\000S\000\040\000P\000R\000I\000M\000I\000T\000I\000V\000A\000S\000\040\000M\000\323\000D\000\040\000p\000\040\000P\000A\000R\000A\000\040\000P\000R\000I\000M\000O\000S\000\040\000I\000M\000P\000A\000R\000E\000S\000\040\000p}{chapter.10}% 117
\BOOKMARK [1][-]{section.10.5}{\376\377\000R\000A\000\315\000C\000E\000S\000\040\000P\000R\000I\000M\000I\000T\000I\000V\000A\000S\000\040\000Y\000\040\000R\000E\000S\000T\000O\000S\000\040\000C\000U\000A\000D\000R\000\301\000T\000I\000C\000O\000S}{chapter.10}% 118
\BOOKMARK [1][-]{section.10.6}{\376\377\000L\000A\000\040\000E\000X\000I\000S\000T\000E\000N\000C\000I\000A\000\040\000D\000E\000\040\000R\000A\000\315\000C\000E\000S\000\040\000P\000R\000I\000M\000I\000T\000I\000V\000A\000S\000\040\000M\000\323\000D\000\040\000p\000\136\003\261}{chapter.10}% 119
\BOOKMARK [1][-]{section.10.7}{\376\377\000L\000A\000\040\000E\000X\000I\000S\000T\000E\000N\000C\000I\000A\000\040\000D\000E\000\040\000R\000A\000\315\000C\000E\000S\000\040\000P\000R\000I\000M\000I\000T\000I\000V\000A\000S\000\040\000M\000\323\000D\000\040\0002\000p\000\136\003\261}{chapter.10}% 120
\BOOKMARK [1][-]{section.10.8}{\376\377\000L\000A\000\040\000N\000O\000\040\000E\000X\000I\000S\000T\000E\000N\000C\000I\000A\000\040\000D\000E\000\040\000R\000A\000\315\000C\000E\000S\000\040\000P\000R\000I\000M\000I\000T\000I\000V\000A\000S\000\040\000E\000N\000\040\000L\000O\000S\000\040\000R\000E\000S\000T\000A\000N\000T\000E\000S\000\040\000C\000A\000S\000O\000S}{chapter.10}% 121
\BOOKMARK [1][-]{section.10.9}{\376\377\000E\000L\000\040\000N\000\332\000M\000E\000R\000O\000\040\000D\000E\000\040\000R\000A\000\315\000C\000E\000S\000\040\000P\000R\000I\000M\000I\000T\000I\000V\000A\000S\000\040\000M\000\323\000D\000\040\000m}{chapter.10}% 122
\BOOKMARK [1][-]{section.10.10}{\376\377\000C\000\301\000L\000C\000U\000L\000O\000\040\000D\000E\000\040\000\315\000N\000D\000I\000C\000E\000S}{chapter.10}% 123
\BOOKMARK [1][-]{section.10.11}{\376\377\000R\000A\000\315\000C\000E\000S\000\040\000P\000R\000I\000M\000I\000T\000I\000V\000A\000S\000\040\000Y\000\040\000C\000A\000R\000A\000C\000T\000E\000R\000E\000S\000\040\000D\000E\000\040\000D\000I\000R\000I\000C\000H\000L\000E\000T}{chapter.10}% 124
\BOOKMARK [1][-]{section.10.12}{\376\377\000C\000A\000R\000A\000C\000T\000E\000R\000E\000S\000\040\000D\000E\000\040\000D\000I\000R\000I\000C\000H\000L\000E\000T\000\040\000M\000\323\000D\000\040\000p\000\136\003\261\000\040\000C\000O\000N\000\040\000V\000A\000L\000O\000R\000E\000S\000\040\000R\000E\000A\000L\000E\000S}{chapter.10}% 125
\BOOKMARK [1][-]{section.10.13}{\376\377\000C\000A\000R\000A\000C\000T\000E\000R\000E\000S\000\040\000D\000E\000\040\000D\000I\000R\000I\000C\000H\000L\000E\000T\000\040\000P\000R\000I\000M\000I\000T\000I\000V\000O\000S\000\040\000M\000\323\000D\000\040\000p\000\136\003\261}{chapter.10}% 126
\BOOKMARK [0][-]{chapter.11}{\376\377\000S\000e\000r\000i\000e\000s\000\040\000d\000e\000\040\000D\000i\000r\000i\000c\000h\000l\000e\000t\000\040\000y\000\040\000p\000r\000o\000d\000u\000c\000t\000o\000s\000\040\000d\000e\000\040\000E\000u\000l\000e\000r}{}% 127
\BOOKMARK [1][-]{section.11.1}{\376\377\000I\000N\000T\000R\000O\000D\000U\000C\000C\000I\000\323\000N}{chapter.11}% 128
\BOOKMARK [1][-]{section.11.2}{\376\377\000E\000L\000\040\000S\000E\000M\000I\000P\000L\000A\000N\000O\000\040\000D\000E\000\040\000C\000O\000N\000V\000E\000R\000G\000E\000N\000C\000I\000A\000\040\000A\000B\000S\000O\000L\000U\000T\000A\000\040\000D\000E\000\040\000U\000N\000A\000\040\000S\000E\000R\000I\000E\000\040\000D\000E\000\040\000D\000I\000R\000I\000C\000H\000L\000E\000T}{chapter.11}% 129
\BOOKMARK [1][-]{section.11.3}{\376\377\000L\000A\000\040\000F\000U\000N\000C\000I\000\323\000N\000\040\000D\000E\000F\000I\000N\000I\000D\000A\000\040\000P\000O\000R\000\040\000U\000N\000A\000\040\000S\000E\000R\000I\000E\000\040\000D\000E\000\040\000D\000I\000R\000I\000C\000H\000L\000E\000T}{chapter.11}% 130
\BOOKMARK [1][-]{section.11.4}{\376\377\000M\000U\000L\000T\000I\000P\000L\000I\000C\000A\000C\000I\000\323\000N\000\040\000D\000E\000\040\000S\000E\000R\000I\000E\000S\000\040\000D\000E\000\040\000D\000I\000R\000I\000C\000H\000L\000E\000T}{chapter.11}% 131
\BOOKMARK [1][-]{section.11.5}{\376\377\000P\000R\000O\000D\000U\000C\000T\000O\000S\000\040\000D\000E\000\040\000E\000U\000L\000E\000R}{chapter.11}% 132
\BOOKMARK [1][-]{section.11.6}{\376\377\000E\000L\000\040\000S\000E\000M\000I\000P\000L\000A\000N\000O\000\040\000D\000E\000\040\000C\000O\000N\000V\000E\000R\000G\000E\000N\000C\000I\000A\000\040\000D\000E\000\040\000U\000N\000A\000\040\000S\000E\000R\000I\000E\000\040\000D\000E\000\040\000D\000I\000R\000I\000C\000H\000L\000E\000T}{chapter.11}% 133
\BOOKMARK [1][-]{section.11.7}{\376\377\000P\000R\000O\000P\000I\000E\000D\000A\000D\000E\000S\000\040\000A\000N\000A\000L\000\315\000T\000I\000C\000A\000S\000\040\000D\000E\000\040\000L\000A\000S\000\040\000S\000E\000R\000I\000E\000S\000\040\000D\000E\000\040\000D\000I\000R\000I\000C\000H\000L\000E\000T}{chapter.11}% 134
\BOOKMARK [1][-]{section.11.8}{\376\377\000S\000E\000R\000I\000E\000S\000\040\000D\000E\000\040\000D\000I\000R\000I\000C\000H\000L\000E\000T\000\040\000C\000O\000N\000\040\000C\000O\000E\000F\000I\000C\000I\000E\000N\000T\000E\000S\000\040\000N\000O\000\040\000N\000E\000G\000A\000T\000I\000V\000O\000S}{chapter.11}% 135
\BOOKMARK [1][-]{section.11.9}{\376\377\000S\000E\000R\000I\000E\000S\000\040\000D\000E\000\040\000D\000I\000R\000I\000C\000H\000L\000E\000T\000\040\000E\000X\000P\000R\000E\000S\000A\000D\000A\000S\000\040\000C\000O\000M\000O\000\040\000E\000X\000P\000O\000N\000E\000N\000C\000I\000A\000L\000E\000S\000\040\000D\000E\000\040\000S\000E\000R\000I\000E\000S\000\040\000D\000E\000\040\000D\000I\000R\000I\000C\000H\000L\000E\000T}{chapter.11}% 136
\BOOKMARK [1][-]{section.11.10}{\376\377\000F\000\323\000R\000M\000U\000L\000A\000S\000\040\000D\000E\000\040\000V\000A\000L\000O\000R\000\040\000M\000E\000D\000I\000O\000\040\000P\000A\000R\000A\000\040\000S\000E\000R\000I\000E\000S\000\040\000D\000E\000\040\000D\000I\000R\000I\000C\000H\000L\000E\000T}{chapter.11}% 137
\BOOKMARK [1][-]{section.11.11}{\376\377\000U\000N\000A\000\040\000F\000\323\000R\000M\000U\000L\000A\000\040\000I\000N\000T\000E\000G\000R\000A\000L\000\040\000P\000A\000R\000A\000\040\000L\000O\000S\000\040\000C\000O\000E\000F\000I\000C\000I\000E\000N\000T\000E\000S\000\040\000D\000E\000\040\000U\000N\000A\000\040\000S\000E\000R\000I\000E\000\040\000D\000E\000\040\000D\000I\000R\000I\000C\000H\000L\000E\000T}{chapter.11}% 138
\BOOKMARK [1][-]{section.11.12}{\376\377\000U\000N\000A\000\040\000F\000\323\000R\000M\000U\000L\000A\000\040\000I\000N\000T\000E\000G\000R\000A\000L\000\040\000P\000A\000R\000A\000\040\000L\000A\000S\000\040\000S\000U\000M\000A\000S\000\040\000P\000A\000R\000C\000I\000A\000L\000E\000S\000\040\000D\000E\000\040\000U\000N\000A\000\040\000S\000E\000R\000I\000E\000\040\000D\000E\000\040\000D\000I\000R\000I\000C\000H\000L\000E\000T}{chapter.11}% 139
\BOOKMARK [0][-]{chapter.12}{\376\377\000L\000a\000s\000\040\000f\000u\000n\000c\000i\000o\000n\000e\000s\000\040\003\266\000\050\000s\000\051\000\040\000y\000\040\000L\000\050\000s\000,\003\307\000\051}{}% 140
\BOOKMARK [1][-]{section.12.1}{\376\377\000I\000N\000T\000R\000O\000D\000U\000C\000C\000I\000\323\000N}{chapter.12}% 141
\BOOKMARK [1][-]{section.12.2}{\376\377\000P\000R\000O\000P\000I\000E\000D\000A\000D\000E\000S\000\040\000D\000E\000\040\000L\000A\000\040\000F\000U\000N\000C\000I\000\323\000N\000\040\000G\000A\000M\000M\000A}{chapter.12}% 142
\BOOKMARK [1][-]{section.12.3}{\376\377\000R\000E\000P\000R\000E\000S\000E\000N\000T\000A\000C\000I\000\323\000N\000\040\000I\000N\000T\000E\000G\000R\000A\000L\000\040\000P\000A\000R\000A\000\040\000L\000A\000\040\000F\000U\000N\000C\000I\000\323\000N\000\040\000Z\000E\000T\000A\000\040\000D\000E\000\040\000H\000U\000R\000W\000I\000T\000Z}{chapter.12}% 143
\BOOKMARK [1][-]{section.12.4}{\376\377\000U\000N\000A\000\040\000R\000E\000P\000R\000E\000S\000E\000N\000T\000A\000C\000I\000\323\000N\000\040\000D\000E\000\040\000L\000A\000\040\000F\000U\000N\000C\000I\000\323\000N\000\040\000Z\000E\000T\000A\000\040\000D\000E\000\040\000H\000U\000R\000W\000I\000T\000Z\000\040\000M\000E\000D\000I\000A\000N\000T\000E\000\040\000U\000N\000A\000\040\000I\000N\000T\000E\000G\000R\000A\000L\000\040\000D\000E\000\040\000C\000O\000N\000T\000O\000R\000N\000O}{chapter.12}% 144
\BOOKMARK [1][-]{section.12.5}{\376\377\000L\000A\000\040\000P\000R\000O\000L\000O\000N\000G\000A\000C\000I\000\323\000N\000\040\000A\000N\000A\000L\000\315\000T\000I\000C\000A\000\040\000D\000E\000\040\000L\000A\000\040\000F\000U\000N\000C\000I\000\323\000N\000\040\000Z\000E\000T\000A\000\040\000D\000E\000\040\000H\000U\000R\000W\000I\000T\000Z}{chapter.12}% 145
\BOOKMARK [1][-]{section.12.6}{\376\377\000P\000R\000O\000L\000O\000N\000G\000A\000C\000I\000\323\000N\000\040\000A\000N\000A\000L\000\315\000T\000I\000C\000A\000\040\000D\000E\000\040\003\266\000\050\000s\000\051\000\040\000Y\000\040\000L\000\050\000s\000,\003\307\000\051}{chapter.12}% 146
\BOOKMARK [1][-]{section.12.7}{\376\377\000L\000A\000\040\000F\000\323\000R\000M\000U\000L\000A\000\040\000D\000E\000\040\000H\000U\000R\000W\000I\000T\000Z\000\040\000P\000A\000R\000A\000\040\003\266\000\050\000s\000,\000a\000\051}{chapter.12}% 147
\BOOKMARK [1][-]{section.12.8}{\376\377\000L\000A\000\040\000E\000C\000U\000A\000C\000I\000\323\000N\000\040\000F\000U\000N\000C\000I\000O\000N\000A\000L\000\040\000P\000A\000R\000A\000\040\000L\000A\000\040\000F\000U\000N\000C\000I\000\323\000N\000\040\000Z\000E\000T\000A\000\040\000D\000E\000\040\000R\000I\000E\000M\000A\000N\000N}{chapter.12}% 148
\BOOKMARK [1][-]{section.12.9}{\376\377\000U\000N\000A\000\040\000E\000C\000U\000A\000C\000I\000\323\000N\000\040\000F\000U\000N\000C\000I\000O\000N\000A\000L\000\040\000P\000A\000R\000A\000\040\000L\000A\000\040\000F\000U\000N\000C\000I\000\323\000N\000\040\000Z\000E\000T\000A\000\040\000D\000E\000\040\000H\000U\000R\000W\000I\000T\000Z}{chapter.12}% 149
\BOOKMARK [1][-]{section.12.10}{\376\377\000L\000A\000\040\000E\000C\000U\000A\000C\000I\000\323\000N\000\040\000F\000U\000N\000C\000I\000O\000N\000A\000L\000\040\000P\000A\000R\000A\000\040\000L\000-\000F\000U\000N\000C\000I\000O\000N\000E\000S}{chapter.12}% 150
\BOOKMARK [1][-]{section.12.11}{\376\377\000C\000\301\000L\000C\000U\000L\000O\000\040\000D\000E\000\040\003\266\000\050\000-\000n\000,\000a\000\051}{chapter.12}% 151
\BOOKMARK [1][-]{section.12.12}{\376\377\000P\000R\000O\000P\000I\000E\000D\000A\000D\000E\000S\000\040\000D\000E\000\040\000L\000O\000S\000\040\000N\000\332\000M\000E\000R\000O\000S\000\040\000D\000E\000\040\000B\000E\000R\000N\000O\000U\000L\000L\000I\000\040\000Y\000\040\000D\000E\000\040\000L\000O\000S\000\040\000P\000O\000L\000I\000N\000O\000M\000I\000O\000S\000\040\000D\000E\000\040\000B\000E\000R\000N\000O\000U\000L\000L\000I}{chapter.12}% 152
\BOOKMARK [1][-]{section.12.13}{\376\377\000F\000\323\000R\000M\000U\000L\000A\000S\000\040\000P\000A\000R\000A\000\040\000L\000\050\0000\000,\003\307\000\051}{chapter.12}% 153
\BOOKMARK [1][-]{section.12.14}{\376\377\000A\000P\000R\000O\000X\000I\000M\000A\000C\000I\000\323\000N\000\040\000D\000E\000\040\003\266\000\050\000s\000,\000a\000\051\000\040\000P\000O\000R\000\040\000M\000E\000D\000I\000O\000\040\000D\000E\000\040\000S\000U\000M\000A\000S\000\040\000F\000I\000N\000I\000T\000A\000S}{chapter.12}% 154
\BOOKMARK [1][-]{section.12.15}{\376\377\000D\000E\000S\000I\000G\000U\000A\000L\000D\000A\000D\000E\000S\000\040\000P\000A\000R\000A\000\040\000|\003\266\000\050\000s\000,\000a\000\051\000|}{chapter.12}% 155
\BOOKMARK [1][-]{section.12.16}{\376\377\000D\000E\000S\000I\000G\000U\000A\000L\000D\000A\000D\000E\000S\000\040\000P\000A\000R\000A\000\040\000|\003\266\000\050\000s\000\051\000|\000\040\000Y\000\040\000P\000A\000R\000A\000\040\000|\000L\000\050\000s\000,\003\307\000\051\000|}{chapter.12}% 156
\BOOKMARK [0][-]{chapter.13}{\376\377\000D\000e\000m\000o\000s\000t\000r\000a\000c\000i\000\363\000n\000\040\000a\000n\000a\000l\000\355\000t\000i\000c\000a\000\040\000d\000e\000l\000\040\000t\000e\000o\000r\000e\000m\000a\000\040\000d\000e\000l\000\040\000n\000\372\000m\000e\000r\000o\000\040\000p\000r\000i\000m\000o}{}% 157
\BOOKMARK [1][-]{section.13.1}{\376\377\000E\000L\000\040\000P\000L\000A\000N\000\040\000D\000E\000\040\000L\000A\000\040\000D\000E\000M\000O\000S\000T\000R\000A\000C\000I\000\323\000N}{chapter.13}% 158
\BOOKMARK [1][-]{section.13.2}{\376\377\000L\000E\000M\000A\000S}{chapter.13}% 159
\BOOKMARK [1][-]{section.13.3}{\376\377\000U\000N\000A\000\040\000R\000E\000P\000R\000E\000S\000E\000N\000T\000A\000C\000I\000\323\000N\000\040\000D\000E\000\040\003\310\040\201\000\050\000x\000\051\000/\000x\000\262\000\040\000C\000O\000M\000O\000\040\000I\000N\000T\000E\000G\000R\000A\000L\000\040\000D\000E\000\040\000C\000O\000N\000T\000O\000R\000N\000O}{chapter.13}% 160
\BOOKMARK [1][-]{section.13.4}{\376\377\000C\000O\000T\000A\000S\000\040\000S\000U\000P\000E\000R\000I\000O\000R\000E\000S\000\040\000P\000A\000R\000A\000\040\000|\003\266\000\050\000s\000\051\000|\000\040\000Y\000\040\000P\000A\000R\000A\000\040\000|\003\266\000'\000\050\000s\000\051\000|\000\040\000E\000N\000\040\000L\000A\000S\000\040\000P\000R\000O\000X\000I\000M\000I\000D\000A\000D\000E\000S\000\040\000D\000E\000\040\000L\000A\000\040\000R\000E\000C\000T\000A\000\040\003\303\000=\0001}{chapter.13}% 161
\BOOKMARK [1][-]{section.13.5}{\376\377\000L\000A\000\040\000N\000O\000\040\000A\000N\000U\000L\000A\000C\000I\000\323\000N\000\040\000D\000E\000\040\003\266\000\050\000s\000\051\000\040\000E\000N\000\040\000L\000A\000\040\000R\000E\000C\000T\000A\000\040\003\303\000=\0001}{chapter.13}% 162
\BOOKMARK [1][-]{section.13.6}{\376\377\000D\000E\000S\000I\000G\000U\000A\000L\000D\000A\000D\000E\000S\000\040\000P\000A\000R\000A\000\040\000|\0001\000/\003\266\000\050\000s\000\051\000|\000\040\000Y\000\040\000|\003\266\000'\000\050\000s\000\051\000/\003\266\000\050\000s\000\051\000|}{chapter.13}% 163
\BOOKMARK [1][-]{section.13.7}{\376\377\000T\000E\000R\000M\000I\000N\000A\000C\000I\000\323\000N\000\040\000D\000E\000\040\000L\000A\000\040\000D\000E\000M\000O\000S\000T\000R\000A\000C\000I\000\323\000N\000\040\000D\000E\000L\000\040\000T\000E\000O\000R\000E\000M\000A\000\040\000D\000E\000L\000\040\000N\000\332\000M\000E\000R\000O\000\040\000P\000R\000I\000M\000O}{chapter.13}% 164
\BOOKMARK [1][-]{section.13.8}{\376\377\000R\000E\000G\000I\000O\000N\000E\000S\000\040\000C\000A\000R\000E\000N\000T\000E\000S\000\040\000D\000E\000\040\000C\000E\000R\000O\000S\000\040\000D\000E\000\040\003\266\000\050\000s\000\051}{chapter.13}% 165
\BOOKMARK [1][-]{section.13.9}{\376\377\000L\000A\000\040\000H\000I\000P\000\323\000T\000E\000S\000I\000S\000\040\000D\000E\000\040\000R\000I\000E\000M\000A\000N\000N}{chapter.13}% 166
\BOOKMARK [1][-]{section.13.10}{\376\377\000A\000P\000L\000I\000C\000A\000C\000I\000\323\000N\000\040\000A\000\040\000L\000A\000\040\000F\000U\000N\000C\000I\000\323\000N\000\040\000D\000I\000V\000I\000S\000O\000R}{chapter.13}% 167
\BOOKMARK [1][-]{section.13.11}{\376\377\000A\000P\000L\000I\000C\000A\000C\000I\000\323\000N\000\040\000A\000\040\000L\000A\000\040\000I\000N\000D\000I\000C\000A\000T\000R\000I\000Z\000\040\000D\000E\000\040\000E\000U\000L\000E\000R}{chapter.13}% 168
\BOOKMARK [1][-]{section.13.12}{\376\377\000E\000X\000T\000E\000N\000S\000I\000\323\000N\000\040\000D\000E\000\040\000L\000A\000\040\000D\000E\000S\000I\000G\000U\000A\000L\000D\000A\000D\000\040\000D\000E\000\040\000P\000\323\000L\000Y\000A\000\040\000P\000A\000R\000A\000\040\000S\000U\000M\000A\000S\000\040\000D\000E\000\040\000C\000A\000R\000A\000C\000T\000E\000R\000E\000S}{chapter.13}% 169
\BOOKMARK [0][-]{chapter.14}{\376\377\000P\000a\000r\000t\000i\000c\000i\000o\000n\000e\000s}{}% 170
\BOOKMARK [1][-]{section.14.1}{\376\377\000I\000N\000T\000R\000O\000D\000U\000C\000C\000I\000\323\000N}{chapter.14}% 171
\BOOKMARK [1][-]{section.14.2}{\376\377\000R\000E\000P\000R\000E\000S\000E\000N\000T\000A\000C\000I\000\323\000N\000\040\000G\000E\000O\000M\000\311\000T\000R\000I\000C\000A\000\040\000D\000E\000\040\000L\000A\000S\000\040\000P\000A\000R\000T\000I\000C\000I\000O\000N\000E\000S}{chapter.14}% 172
\BOOKMARK [1][-]{section.14.3}{\376\377\000F\000U\000N\000C\000I\000O\000N\000E\000S\000\040\000G\000E\000N\000E\000R\000A\000D\000O\000R\000A\000S\000\040\000D\000E\000\040\000P\000A\000R\000T\000I\000C\000I\000O\000N\000E\000S}{chapter.14}% 173
\BOOKMARK [1][-]{section.14.4}{\376\377\000E\000L\000\040\000T\000E\000O\000R\000E\000M\000A\000\040\000D\000E\000\040\000E\000U\000L\000E\000R\000\040\000D\000E\000\040\000L\000O\000S\000\040\000N\000\332\000M\000E\000R\000O\000S\000\040\000P\000E\000N\000T\000A\000G\000O\000N\000A\000L\000E\000S}{chapter.14}% 174
\BOOKMARK [1][-]{section.14.5}{\376\377\000D\000E\000M\000O\000S\000T\000R\000A\000C\000I\000\323\000N\000\040\000C\000O\000M\000B\000I\000N\000A\000T\000O\000R\000I\000A\000\040\000D\000E\000L\000\040\000T\000E\000O\000R\000E\000M\000A\000\040\000D\000E\000\040\000L\000O\000S\000\040\000N\000\332\000M\000E\000R\000O\000S\000\040\000P\000E\000N\000T\000A\000G\000O\000N\000A\000L\000E\000S\000\040\000D\000E\000\040\000E\000U\000L\000E\000R}{chapter.14}% 175
\BOOKMARK [1][-]{section.14.6}{\376\377\000F\000\323\000R\000M\000U\000L\000A\000\040\000R\000E\000C\000U\000R\000S\000I\000V\000A\000\040\000D\000E\000\040\000E\000U\000L\000E\000R\000\040\000P\000A\000R\000A\000\040\000p\000\050\000n\000\051}{chapter.14}% 176
\BOOKMARK [1][-]{section.14.7}{\376\377\000U\000N\000A\000\040\000C\000O\000T\000A\000\040\000S\000U\000P\000E\000R\000I\000O\000R\000\040\000P\000A\000R\000A\000\040\000p\000\050\000n\000\051}{chapter.14}% 177
\BOOKMARK [1][-]{section.14.8}{\376\377\000I\000D\000E\000N\000T\000I\000D\000A\000D\000\040\000D\000E\000L\000\040\000T\000R\000I\000P\000L\000E\000\040\000P\000R\000O\000D\000U\000C\000T\000O\000\040\000D\000E\000\040\000J\000A\000C\000O\000B\000I}{chapter.14}% 178
\BOOKMARK [1][-]{section.14.9}{\376\377\000C\000O\000N\000S\000E\000C\000U\000E\000N\000C\000I\000A\000S\000\040\000D\000E\000\040\000L\000A\000\040\000I\000D\000E\000N\000T\000I\000D\000A\000D\000\040\000D\000E\000\040\000J\000A\000C\000O\000B\000I}{chapter.14}% 179
\BOOKMARK [1][-]{section.14.10}{\376\377\000D\000I\000F\000E\000R\000E\000N\000C\000I\000A\000C\000I\000\323\000N\000\040\000L\000O\000G\000A\000R\000\315\000T\000M\000I\000C\000A\000\040\000D\000E\000\040\000F\000U\000N\000C\000I\000O\000N\000E\000S\000\040\000G\000E\000N\000E\000R\000A\000D\000O\000R\000A\000S}{chapter.14}% 180
\BOOKMARK [1][-]{section.14.11}{\376\377\000L\000A\000S\000\040\000I\000D\000E\000N\000T\000I\000D\000A\000D\000E\000S\000\040\000D\000E\000\040\000P\000A\000R\000T\000I\000C\000I\000\323\000N\000\040\000D\000E\000\040\000R\000A\000M\000A\000N\000U\000J\000A\000N}{chapter.14}% 181
\BOOKMARK [0][-]{chapter*.41}{\376\377\000B\000i\000b\000l\000i\000o\000g\000r\000a\000f\000\355\000a}{}% 182
\BOOKMARK [0][-]{chapter*.42}{\376\377\000\315\000n\000d\000i\000c\000e\000\040\000d\000e\000\040\000s\000\355\000m\000b\000o\000l\000o\000s\000\040\000e\000s\000p\000e\000c\000i\000a\000l\000e\000s}{}% 183
\BOOKMARK [0][-]{table.14.2}{\376\377\000\315\000n\000d\000i\000c\000e\000\040\000a\000l\000f\000a\000b\000\351\000t\000i\000c\000o}{}% 184
